2025-08-21 23:05:10,890 - webexcalls - INFO - No license changes required for jhogue@akamai.com
2025-08-21 23:05:12,899 - webexcalls - INFO - No license changes required for cworm@akamai.com
2025-08-21 23:05:14,927 - webexcalls - INFO - No license changes required for dbrink@akamai.com
2025-08-21 23:05:16,902 - webexcalls - INFO - No license changes required for dtamasse@akamai.com
2025-08-21 23:05:18,904 - webexcalls - INFO - No license changes required for mberger@akamai.com
2025-08-21 23:05:20,902 - webexcalls - INFO - No license changes required for mgreve@akamai.com
2025-08-21 23:05:22,859 - webexcalls - INFO - No license changes required for lbrockna@akamai.com
2025-08-21 23:05:24,862 - webexcalls - INFO - No license changes required for sgourgue@akamai.com
2025-08-21 23:05:26,856 - webexcalls - INFO - No license changes required for njensen@akamai.com
2025-08-21 23:05:28,811 - webexcalls - INFO - No license changes required for rsorense@akamai.com
2025-08-21 23:05:30,903 - webexcalls - INFO - No license changes required for pvejre@akamai.com
2025-08-21 23:05:32,893 - webexcalls - INFO - No license changes required for tnorlin@akamai.com
2025-08-21 23:05:34,867 - webexcalls - INFO - No license changes required for erubinsh@akamai.com
2025-08-21 23:05:36,858 - webexcalls - INFO - No license changes required for szaharia@akamai.com
2025-08-21 23:05:38,875 - webexcalls - INFO - No license changes required for shojlind@akamai.com
2025-08-21 23:05:40,917 - webexcalls - INFO - No license changes required for inielsen@akamai.com
2025-08-21 23:05:43,051 - webexcalls - INFO - No license changes required for nwoltman@akamai.com
2025-08-21 23:05:45,060 - webexcalls - INFO - No license changes required for jfogh@akamai.com
2025-08-21 23:05:47,090 - webexcalls - INFO - No license changes required for rvind@akamai.com
2025-08-21 23:05:49,077 - webexcalls - INFO - No license changes required for aritchie@akamai.com
2025-08-21 23:05:51,086 - webexcalls - INFO - No license changes required for nbreum@akamai.com
2025-08-21 23:05:53,102 - webexcalls - INFO - No license changes required for keenberg@akamai.com
2025-08-21 23:05:55,118 - webexcalls - INFO - No license changes required for dapeters@akamai.com
2025-08-21 23:05:57,118 - webexcalls - INFO - No license changes required for mmathies@akamai.com
2025-08-21 23:05:59,102 - webexcalls - INFO - No license changes required for koellers@akamai.com
2025-08-21 23:06:01,109 - webexcalls - INFO - No license changes required for pborgese@akamai.com
2025-08-21 23:06:03,112 - webexcalls - INFO - No license changes required for mbay@akamai.com
2025-08-21 23:07:44,235 - webexcalls - ERROR - HTTP error updating user: 400 Client Error: Bad Request for url: https://webexapis.com/v1/licenses/users
2025-08-21 23:07:47,575 - webexcalls - ERROR - HTTP error updating user: 400 Client Error: Bad Request for url: https://webexapis.com/v1/licenses/users
2025-08-21 23:07:50,949 - webexcalls - ERROR - HTTP error updating user: 400 Client Error: Bad Request for url: https://webexapis.com/v1/licenses/users
2025-08-21 23:07:53,876 - webexcalls - ERROR - HTTP error updating user: 400 Client Error: Bad Request for url: https://webexapis.com/v1/licenses/users
2025-08-21 23:07:56,805 - webexcalls - ERROR - HTTP error updating user: 400 Client Error: Bad Request for url: https://webexapis.com/v1/licenses/users
2025-08-21 23:07:59,737 - webexcalls - ERROR - HTTP error updating user: 400 Client Error: Bad Request for url: https://webexapis.com/v1/licenses/users
2025-08-21 23:08:03,098 - webexcalls - ERROR - HTTP error updating user: 400 Client Error: Bad Request for url: https://webexapis.com/v1/licenses/users
2025-08-21 23:08:06,063 - webexcalls - ERROR - HTTP error updating user: 400 Client Error: Bad Request for url: https://webexapis.com/v1/licenses/users
2025-08-21 23:08:09,443 - webexcalls - ERROR - HTTP error updating user: 400 Client Error: Bad Request for url: https://webexapis.com/v1/licenses/users
2025-08-21 23:08:12,348 - webexcalls - ERROR - HTTP error updating user: 400 Client Error: Bad Request for url: https://webexapis.com/v1/licenses/users
2025-08-21 23:08:15,263 - webexcalls - ERROR - HTTP error updating user: 400 Client Error: Bad Request for url: https://webexapis.com/v1/licenses/users
2025-08-21 23:08:18,125 - webexcalls - ERROR - HTTP error updating user: 400 Client Error: Bad Request for url: https://webexapis.com/v1/licenses/users
2025-08-21 23:08:21,422 - webexcalls - ERROR - HTTP error updating user: 400 Client Error: Bad Request for url: https://webexapis.com/v1/licenses/users
2025-08-21 23:08:24,352 - webexcalls - ERROR - HTTP error updating user: 400 Client Error: Bad Request for url: https://webexapis.com/v1/licenses/users
2025-08-21 23:08:27,290 - webexcalls - ERROR - HTTP error updating user: 400 Client Error: Bad Request for url: https://webexapis.com/v1/licenses/users
2025-08-21 23:08:30,230 - webexcalls - ERROR - HTTP error updating user: 400 Client Error: Bad Request for url: https://webexapis.com/v1/licenses/users
2025-08-21 23:08:33,149 - webexcalls - ERROR - HTTP error updating user: 400 Client Error: Bad Request for url: https://webexapis.com/v1/licenses/users
2025-08-21 23:08:36,044 - webexcalls - ERROR - HTTP error updating user: 400 Client Error: Bad Request for url: https://webexapis.com/v1/licenses/users
2025-08-21 23:08:38,970 - webexcalls - ERROR - HTTP error updating user: 400 Client Error: Bad Request for url: https://webexapis.com/v1/licenses/users
2025-08-21 23:08:42,317 - webexcalls - ERROR - HTTP error updating user: 400 Client Error: Bad Request for url: https://webexapis.com/v1/licenses/users
2025-08-21 23:08:45,715 - webexcalls - ERROR - HTTP error updating user: 400 Client Error: Bad Request for url: https://webexapis.com/v1/licenses/users
2025-08-21 23:08:48,625 - webexcalls - ERROR - HTTP error updating user: 400 Client Error: Bad Request for url: https://webexapis.com/v1/licenses/users
2025-08-21 23:08:51,562 - webexcalls - ERROR - HTTP error updating user: 400 Client Error: Bad Request for url: https://webexapis.com/v1/licenses/users
2025-08-21 23:08:54,474 - webexcalls - ERROR - HTTP error updating user: 400 Client Error: Bad Request for url: https://webexapis.com/v1/licenses/users
2025-08-21 23:08:57,335 - webexcalls - ERROR - HTTP error updating user: 400 Client Error: Bad Request for url: https://webexapis.com/v1/licenses/users
2025-08-21 23:09:00,218 - webexcalls - ERROR - HTTP error updating user: 400 Client Error: Bad Request for url: https://webexapis.com/v1/licenses/users
2025-08-21 23:09:03,115 - webexcalls - ERROR - HTTP error updating user: 400 Client Error: Bad Request for url: https://webexapis.com/v1/licenses/users
2025-08-21 23:13:12,892 - webexcalls - ERROR - HTTP error updating user: 400 Client Error: Bad Request for url: https://webexapis.com/v1/licenses/users
2025-08-21 23:13:16,439 - webexcalls - ERROR - HTTP error updating user: 400 Client Error: Bad Request for url: https://webexapis.com/v1/licenses/users
2025-08-21 23:13:20,175 - webexcalls - ERROR - HTTP error updating user: 400 Client Error: Bad Request for url: https://webexapis.com/v1/licenses/users
2025-08-21 23:13:23,764 - webexcalls - ERROR - HTTP error updating user: 400 Client Error: Bad Request for url: https://webexapis.com/v1/licenses/users
2025-08-21 23:13:27,262 - webexcalls - ERROR - HTTP error updating user: 400 Client Error: Bad Request for url: https://webexapis.com/v1/licenses/users
2025-08-21 23:13:30,900 - webexcalls - ERROR - HTTP error updating user: 400 Client Error: Bad Request for url: https://webexapis.com/v1/licenses/users
2025-08-21 23:13:34,398 - webexcalls - ERROR - HTTP error updating user: 400 Client Error: Bad Request for url: https://webexapis.com/v1/licenses/users
2025-08-21 23:13:38,020 - webexcalls - ERROR - HTTP error updating user: 400 Client Error: Bad Request for url: https://webexapis.com/v1/licenses/users
2025-08-21 23:13:41,528 - webexcalls - ERROR - HTTP error updating user: 400 Client Error: Bad Request for url: https://webexapis.com/v1/licenses/users
2025-08-21 23:13:45,561 - webexcalls - ERROR - HTTP error updating user: 400 Client Error: Bad Request for url: https://webexapis.com/v1/licenses/users
2025-08-21 23:30:38,112 - webexcalls - ERROR - HTTP error updating user: 400 Client Error: Bad Request for url: https://webexapis.com/v1/licenses/users
2025-08-21 23:30:42,951 - webexcalls - ERROR - HTTP error updating user: 400 Client Error: Bad Request for url: https://webexapis.com/v1/licenses/users
2025-08-21 23:30:48,045 - webexcalls - ERROR - HTTP error updating user: 400 Client Error: Bad Request for url: https://webexapis.com/v1/licenses/users
2025-08-21 23:30:53,475 - webexcalls - ERROR - HTTP error updating user: 400 Client Error: Bad Request for url: https://webexapis.com/v1/licenses/users
2025-08-21 23:30:58,342 - webexcalls - ERROR - HTTP error updating user: 400 Client Error: Bad Request for url: https://webexapis.com/v1/licenses/users
2025-08-21 23:31:03,187 - webexcalls - ERROR - HTTP error updating user: 400 Client Error: Bad Request for url: https://webexapis.com/v1/licenses/users
2025-08-21 23:31:08,071 - webexcalls - ERROR - HTTP error updating user: 400 Client Error: Bad Request for url: https://webexapis.com/v1/licenses/users
2025-08-21 23:31:13,038 - webexcalls - ERROR - HTTP error updating user: 400 Client Error: Bad Request for url: https://webexapis.com/v1/licenses/users
2025-08-21 23:31:17,914 - webexcalls - ERROR - HTTP error updating user: 400 Client Error: Bad Request for url: https://webexapis.com/v1/licenses/users
2025-08-21 23:31:23,135 - webexcalls - ERROR - HTTP error updating user: 400 Client Error: Bad Request for url: https://webexapis.com/v1/licenses/users
2025-08-21 23:43:10,971 - webexcalls - ERROR - HTTP error updating user: 400 Client Error: Bad Request for url: https://webexapis.com/v1/licenses/users
2025-08-21 23:43:14,384 - webexcalls - ERROR - HTTP error updating user: 400 Client Error: Bad Request for url: https://webexapis.com/v1/licenses/users
2025-08-21 23:43:46,290 - webexcalls - ERROR - HTTP error updating user: 400 Client Error: Bad Request for url: https://webexapis.com/v1/licenses/users
2025-08-21 23:44:24,078 - webexcalls - ERROR - HTTP error updating user: 400 Client Error: Bad Request for url: https://webexapis.com/v1/licenses/users
2025-08-21 23:44:27,434 - webexcalls - ERROR - HTTP error updating user: 400 Client Error: Bad Request for url: https://webexapis.com/v1/licenses/users
2025-08-21 23:44:30,343 - webexcalls - ERROR - HTTP error updating user: 400 Client Error: Bad Request for url: https://webexapis.com/v1/licenses/users
2025-08-21 23:49:05,900 - webexcalls - ERROR - HTTP error updating user: 400 Client Error: Bad Request for url: https://webexapis.com/v1/licenses/users
2025-08-21 23:49:08,801 - webexcalls - ERROR - HTTP error updating user: 400 Client Error: Bad Request for url: https://webexapis.com/v1/licenses/users
2025-08-21 23:49:11,697 - webexcalls - ERROR - HTTP error updating user: 400 Client Error: Bad Request for url: https://webexapis.com/v1/licenses/users
2025-09-29 14:09:08,286 - webexcalls - ERROR - HTTP error when querying user by email: 401 Client Error: Unauthorized for url: https://webexapis.com/v1/people?email=risaxen%40akamai.com
2025-09-29 14:09:09,191 - webexcalls - ERROR - HTTP error in get_person: 401 Client Error: Unauthorized for url: https://webexapis.com/v1/people/None?callingData=true
2025-10-04 15:14:57,800 - webexcalls - ERROR - HTTP error updating user: 400 Client Error: Bad Request for url: https://webexapis.com/v1/telephony/config/locations/0a32353a-48bd-4834-b4c3-0ca756fd6a75/numbers
2025-10-04 17:19:16,868 - webexcalls - ERROR - HTTP error updating user: 400 Client Error: Bad Request for url: https://webexapis.com/v1/licenses/users
2025-10-04 17:19:45,508 - webexcalls - WARNING - Region not found: Japan
2025-10-04 17:19:46,744 - webexcalls - ERROR - HTTP error updating user: 404 Client Error: Not Found for url: https://webexapis.com/v1/licenses/users
