2026-02-14 12:40:32,794 - numberadd - ERROR - User ID not found for email: abshukla@akamai.com
2026-02-14 12:46:25,572 - numberadd - ERROR - User ID not found for email: abshukla@kaamai.com
2026-02-14 12:46:54,820 - numberadd - INFO - Virtual line created successfully for user ID: Abhishek Shukla
2026-02-14 12:48:25,178 - numberadd - ERROR - HTTP error creating virtual line for user ID Abhishek Shukla: 400 Client Error: Bad Request for url: https://webexapis.com/v1/telephony/config/virtualLines
2026-02-14 12:48:25,178 - numberadd - ERROR - Failed to create virtual line for email: abshukla@akamai.com
2026-02-14 12:51:54,256 - numberadd - ERROR - User ID not found for email: abshuka@akamai.com
2026-02-14 12:52:27,934 - numberadd - INFO - Virtual line created successfully for user ID: Abhishek Shukla
2026-02-14 12:53:53,378 - numberadd - INFO - Virtual line created successfully for user ID: Abhishek Shukla
2026-02-14 12:53:54,636 - numberadd - INFO - Current assignments retrieved successfully for user ID: Y2lzY29zcGFyazovL3VzL1BFT1BMRS9kNzRjZWRkYi0yOGY1LTRiN2UtOGYyMS00YzZlZDgxNTVkMjk
2026-02-14 12:53:55,789 - numberadd - ERROR - HTTP error assigning virtual line to email abshukla@akamai.com: 400 Client Error: Bad Request for url: https://webexapis.com/v1/telephony/config/people/Y2lzY29zcGFyazovL3VzL1BFT1BMRS9kNzRjZWRkYi0yOGY1LTRiN2UtOGYyMS00YzZlZDgxNTVkMjk/applications/members
2026-02-14 12:55:28,363 - numberadd - INFO - Virtual line created successfully for user ID: Abhishek Shukla
2026-02-14 12:55:29,596 - numberadd - INFO - Current assignments retrieved successfully for user ID: Y2lzY29zcGFyazovL3VzL1BFT1BMRS9kNzRjZWRkYi0yOGY1LTRiN2UtOGYyMS00YzZlZDgxNTVkMjk
2026-02-14 12:55:30,755 - numberadd - ERROR - HTTP error assigning virtual line to email abshukla@akamai.com: 400 Client Error: Bad Request for url: https://webexapis.com/v1/telephony/config/people/Y2lzY29zcGFyazovL3VzL1BFT1BMRS9kNzRjZWRkYi0yOGY1LTRiN2UtOGYyMS00YzZlZDgxNTVkMjk/applications/members
2026-02-14 12:57:07,048 - numberadd - INFO - Virtual line created successfully for user ID: Abhishek Shukla
2026-02-14 12:57:08,315 - numberadd - INFO - Current assignments retrieved successfully for user ID: Y2lzY29zcGFyazovL3VzL1BFT1BMRS9kNzRjZWRkYi0yOGY1LTRiN2UtOGYyMS00YzZlZDgxNTVkMjk
2026-02-14 12:57:09,451 - numberadd - ERROR - HTTP error assigning virtual line to email abshukla@akamai.com: 400 Client Error: Bad Request for url: https://webexapis.com/v1/telephony/config/people/Y2lzY29zcGFyazovL3VzL1BFT1BMRS9kNzRjZWRkYi0yOGY1LTRiN2UtOGYyMS00YzZlZDgxNTVkMjk/applications/members
2026-02-14 12:59:27,812 - numberadd - INFO - Virtual line created successfully for user ID: Abhishek Shukla
2026-02-14 12:59:29,106 - numberadd - INFO - Current assignments retrieved successfully for user ID: Y2lzY29zcGFyazovL3VzL1BFT1BMRS9kNzRjZWRkYi0yOGY1LTRiN2UtOGYyMS00YzZlZDgxNTVkMjk
2026-02-14 12:59:30,814 - numberadd - INFO - Virtual line assigned successfully to email: abshukla@akamai.com
2026-02-14 12:59:30,815 - numberadd - ERROR - General error assigning virtual line to email abshukla@akamai.com: Expecting value: line 1 column 1 (char 0)
2026-02-14 13:00:38,854 - numberadd - INFO - Virtual line created successfully for user ID: Abhishek Shukla
2026-02-14 13:00:40,119 - numberadd - INFO - Current assignments retrieved successfully for user ID: Y2lzY29zcGFyazovL3VzL1BFT1BMRS9kNzRjZWRkYi0yOGY1LTRiN2UtOGYyMS00YzZlZDgxNTVkMjk
2026-02-14 13:00:41,788 - numberadd - INFO - Virtual line assigned successfully to email: abshukla@akamai.com
2026-02-14 13:00:41,789 - numberadd - ERROR - General error assigning virtual line to email abshukla@akamai.com: Expecting value: line 1 column 1 (char 0)
2026-02-14 13:02:45,383 - numberadd - INFO - Virtual line created successfully for user ID: Abhishek Shukla
2026-02-14 13:02:46,602 - numberadd - INFO - Current assignments retrieved successfully for user ID: Y2lzY29zcGFyazovL3VzL1BFT1BMRS9kNzRjZWRkYi0yOGY1LTRiN2UtOGYyMS00YzZlZDgxNTVkMjk
2026-02-14 13:02:48,286 - numberadd - INFO - Virtual line assigned successfully to email: abshukla@akamai.com
2026-02-14 13:02:48,286 - numberadd - ERROR - General error assigning virtual line to email abshukla@akamai.com: Expecting value: line 1 column 1 (char 0)
2026-02-14 13:06:43,495 - numberadd - INFO - Virtual line created successfully for user ID: Abhishek Shukla
2026-02-14 13:06:44,785 - numberadd - INFO - Current assignments retrieved successfully for user ID: Y2lzY29zcGFyazovL3VzL1BFT1BMRS9kNzRjZWRkYi0yOGY1LTRiN2UtOGYyMS00YzZlZDgxNTVkMjk
2026-02-14 13:06:46,549 - numberadd - INFO - Virtual line assigned successfully to email: abshukla@akamai.com
2026-02-14 13:06:46,550 - numberadd - ERROR - General error assigning virtual line to email abshukla@akamai.com: Expecting value: line 1 column 1 (char 0)
2026-02-14 13:09:08,232 - numberadd - INFO - Virtual line created successfully for user ID: Abhishek Shukla
2026-02-14 13:09:09,451 - numberadd - INFO - Current assignments retrieved successfully for user ID: Y2lzY29zcGFyazovL3VzL1BFT1BMRS9kNzRjZWRkYi0yOGY1LTRiN2UtOGYyMS00YzZlZDgxNTVkMjk
2026-02-14 13:09:11,108 - numberadd - INFO - Virtual line assigned successfully to email: abshukla@akamai.com
2026-02-14 13:09:11,108 - numberadd - ERROR - General error assigning virtual line to email abshukla@akamai.com: Expecting value: line 1 column 1 (char 0)
2026-02-14 13:10:07,328 - numberadd - INFO - Virtual line created successfully for user ID: Abhishek Shukla
2026-02-14 13:10:08,560 - numberadd - INFO - Current assignments retrieved successfully for user ID: Y2lzY29zcGFyazovL3VzL1BFT1BMRS9kNzRjZWRkYi0yOGY1LTRiN2UtOGYyMS00YzZlZDgxNTVkMjk
2026-02-14 13:10:10,447 - numberadd - INFO - Virtual line assigned successfully to email: abshukla@akamai.com
2026-02-14 13:10:10,447 - numberadd - ERROR - General error assigning virtual line to email abshukla@akamai.com: Expecting value: line 1 column 1 (char 0)
2026-02-14 13:13:49,952 - numberadd - INFO - Virtual line created successfully for user ID: Abhishek Shukla
2026-02-14 13:13:51,278 - numberadd - INFO - Current assignments retrieved successfully for user ID: Y2lzY29zcGFyazovL3VzL1BFT1BMRS9kNzRjZWRkYi0yOGY1LTRiN2UtOGYyMS00YzZlZDgxNTVkMjk
2026-02-14 13:13:52,947 - numberadd - INFO - Virtual line assigned successfully to email: abshukla@akamai.com
