2026-02-13 17:25:39,205 - RoutepatternApp - INFO - Updating call forwarding for route pattern 8046859439 
2026-02-13 17:27:06,327 - RoutepatternApp - INFO - Updating call forwarding for route pattern 8046859439 
2026-02-13 17:27:18,792 - RoutepatternApp - ERROR - Failed to update call forwarding for route pattern: Unknown fault occured
2026-02-13 17:35:14,977 - RoutepatternApp - WARNING - Line 918046859439 not found
2026-02-13 17:36:17,624 - RoutepatternApp - WARNING - Line +918046859439 not found
2026-02-13 17:36:26,298 - RoutepatternApp - WARNING - Line \+918046859439 not found
2026-02-13 17:39:11,832 - RoutepatternApp - WARNING - Line \+918046859439 not found
2026-02-13 17:41:08,753 - RoutepatternApp - ERROR - Zeep error: Failed to get CSF device for csfabshukla: Unknown fault occured
2026-02-13 17:41:38,740 - RoutepatternApp - ERROR - Zeep error: Failed to get CSF device for csfakalpath: Unknown fault occured
2026-02-13 17:42:06,263 - RoutepatternApp - ERROR - Zeep error: Failed to get CSF device for csfakalpath: Unknown fault occured
2026-02-13 17:44:51,728 - RoutepatternApp - ERROR - Zeep error: Failed to get CSF device for csfakalpath: Unknown fault occured
2026-02-13 17:46:07,270 - RoutepatternApp - ERROR - Zeep error: Failed to get CSF device for csfakalpath: Unknown fault occured
2026-02-13 17:47:16,736 - RoutepatternApp - ERROR - Zeep error: Failed to get CSF device for csfakalpath: Unknown fault occured
2026-02-13 17:50:51,803 - RoutepatternApp - INFO - Updating call forwarding for route pattern 8046859439 
2026-02-13 17:50:53,452 - RoutepatternApp - ERROR - Failed to update call forwarding for route pattern: Directory Number not found
2026-02-13 17:52:35,187 - RoutepatternApp - INFO - Updating call forwarding for route pattern 8046859439 
2026-02-13 17:52:37,217 - RoutepatternApp - ERROR - Failed to update call forwarding for route pattern: Directory Number not found
2026-02-13 18:58:24,856 - RoutepatternApp - INFO - Updating call forwarding for route pattern 8046859439 
2026-02-13 18:58:28,726 - RoutepatternApp - ERROR - Failed to update call forwarding for route pattern: Directory Number not found
2026-02-13 18:58:45,198 - RoutepatternApp - INFO - Updating call forwarding for route pattern 918046859439 
2026-02-13 18:58:45,886 - RoutepatternApp - ERROR - Failed to update call forwarding for route pattern: Item not valid: The specified None was not found
2026-02-13 18:59:19,628 - RoutepatternApp - INFO - Updating call forwarding for route pattern 918046859439 
2026-02-13 18:59:20,501 - RoutepatternApp - ERROR - Failed to update call forwarding for route pattern: DN entered is not valid.  It should contain digits 0 to 9, *, #, X and +.
2026-02-13 19:00:53,965 - RoutepatternApp - INFO - Updating call forwarding for route pattern 918046859439 
2026-02-13 19:00:55,324 - RoutepatternApp - INFO - Call forwarding for route pattern 918046859439 updated successfully
