2026-01-31 18:10:56,825 - RoutepatternApp - WARNING - Line 33156696214 not found
2026-01-31 18:10:56,825 - RoutepatternApp - WARNING - No line data found for pattern: 33156696214
2026-01-31 18:10:57,259 - RoutepatternApp - WARNING - Line 33156696208 not found
2026-01-31 18:10:57,260 - RoutepatternApp - WARNING - No line data found for pattern: 33156696208
2026-01-31 18:10:58,967 - RoutepatternApp - WARNING - Line 33156696936 not found
2026-01-31 18:10:58,968 - RoutepatternApp - WARNING - No line data found for pattern: 33156696936
2026-01-31 18:10:59,380 - RoutepatternApp - WARNING - Line 972732858764 not found
2026-01-31 18:10:59,380 - RoutepatternApp - WARNING - No line data found for pattern: 972732858764
2026-01-31 18:10:59,793 - RoutepatternApp - WARNING - Line 972732858729 not found
2026-01-31 18:10:59,793 - RoutepatternApp - WARNING - No line data found for pattern: 972732858729
2026-01-31 18:11:00,188 - RoutepatternApp - WARNING - Line 33156697156 not found
2026-01-31 18:11:00,188 - RoutepatternApp - WARNING - No line data found for pattern: 33156697156
2026-01-31 18:11:00,578 - RoutepatternApp - WARNING - Line 33156696204 not found
2026-01-31 18:11:00,578 - RoutepatternApp - WARNING - No line data found for pattern: 33156696204
2026-01-31 18:11:00,987 - RoutepatternApp - WARNING - Line 972732858778 not found
2026-01-31 18:11:00,988 - RoutepatternApp - WARNING - No line data found for pattern: 972732858778
2026-01-31 18:11:01,403 - RoutepatternApp - WARNING - Line 33156697210 not found
2026-01-31 18:11:01,403 - RoutepatternApp - WARNING - No line data found for pattern: 33156697210
2026-01-31 18:11:01,817 - RoutepatternApp - WARNING - Line 972733910479 not found
2026-01-31 18:11:01,817 - RoutepatternApp - WARNING - No line data found for pattern: 972733910479
2026-01-31 18:11:02,349 - RoutepatternApp - WARNING - Line 972732858707 not found
2026-01-31 18:11:02,349 - RoutepatternApp - WARNING - No line data found for pattern: 972732858707
2026-01-31 18:11:02,768 - RoutepatternApp - WARNING - Line 33156696217 not found
2026-01-31 18:11:02,768 - RoutepatternApp - WARNING - No line data found for pattern: 33156696217
2026-01-31 18:11:03,173 - RoutepatternApp - WARNING - Line 972732858791 not found
2026-01-31 18:11:03,173 - RoutepatternApp - WARNING - No line data found for pattern: 972732858791
2026-01-31 18:11:04,141 - RoutepatternApp - WARNING - Line 972733680323 not found
2026-01-31 18:11:04,142 - RoutepatternApp - WARNING - No line data found for pattern: 972733680323
2026-01-31 18:11:04,553 - RoutepatternApp - WARNING - Line 972733680364 not found
2026-01-31 18:11:04,553 - RoutepatternApp - WARNING - No line data found for pattern: 972733680364
2026-01-31 18:11:04,965 - RoutepatternApp - WARNING - Line 972733680325 not found
2026-01-31 18:11:04,965 - RoutepatternApp - WARNING - No line data found for pattern: 972733680325
2026-01-31 18:11:05,379 - RoutepatternApp - WARNING - Line 972733680329 not found
2026-01-31 18:11:05,379 - RoutepatternApp - WARNING - No line data found for pattern: 972733680329
2026-01-31 18:11:06,336 - RoutepatternApp - WARNING - Line 33156696941 not found
2026-01-31 18:11:06,336 - RoutepatternApp - WARNING - No line data found for pattern: 33156696941
2026-01-31 18:11:07,306 - RoutepatternApp - WARNING - Line 33156695260 not found
2026-01-31 18:11:07,307 - RoutepatternApp - WARNING - No line data found for pattern: 33156695260
2026-01-31 18:11:07,716 - RoutepatternApp - WARNING - Line 33156696945 not found
2026-01-31 18:11:07,716 - RoutepatternApp - WARNING - No line data found for pattern: 33156696945
2026-01-31 18:11:08,129 - RoutepatternApp - WARNING - Line 33156696213 not found
2026-01-31 18:11:08,129 - RoutepatternApp - WARNING - No line data found for pattern: 33156696213
2026-01-31 18:11:08,542 - RoutepatternApp - WARNING - Line 33156696205 not found
2026-01-31 18:11:08,542 - RoutepatternApp - WARNING - No line data found for pattern: 33156696205
2026-01-31 18:13:57,351 - RoutepatternApp - INFO - Updating line \+33156696214 
2026-01-31 18:13:58,449 - RoutepatternApp - INFO - Creating route pattern \+33156696214 
2026-01-31 18:14:00,012 - RoutepatternApp - INFO - Route pattern \+33156696214 created successfully
2026-01-31 18:14:00,489 - RoutepatternApp - INFO - Updating line \+33156696208 
2026-01-31 18:14:01,063 - RoutepatternApp - INFO - Creating route pattern \+33156696208 
2026-01-31 18:14:01,639 - RoutepatternApp - INFO - Route pattern \+33156696208 created successfully
2026-01-31 18:14:02,187 - RoutepatternApp - INFO - Updating line \+33156696936 
2026-01-31 18:14:02,740 - RoutepatternApp - INFO - Creating route pattern \+33156696936 
2026-01-31 18:14:03,303 - RoutepatternApp - INFO - Route pattern \+33156696936 created successfully
2026-01-31 18:14:03,793 - RoutepatternApp - INFO - Updating line \+972732858764 
2026-01-31 18:14:04,363 - RoutepatternApp - INFO - Creating route pattern \+972732858764 
2026-01-31 18:14:05,049 - RoutepatternApp - INFO - Route pattern \+972732858764 created successfully
2026-01-31 18:14:05,523 - RoutepatternApp - INFO - Updating line \+972732858729 
2026-01-31 18:14:06,169 - RoutepatternApp - INFO - Creating route pattern \+972732858729 
2026-01-31 18:14:06,777 - RoutepatternApp - INFO - Route pattern \+972732858729 created successfully
2026-01-31 18:14:07,257 - RoutepatternApp - INFO - Updating line \+33156697156 
2026-01-31 18:14:07,775 - RoutepatternApp - INFO - Creating route pattern \+33156697156 
2026-01-31 18:14:08,331 - RoutepatternApp - INFO - Route pattern \+33156697156 created successfully
2026-01-31 18:14:08,853 - RoutepatternApp - INFO - Updating line \+33156696204 
2026-01-31 18:14:09,376 - RoutepatternApp - INFO - Creating route pattern \+33156696204 
2026-01-31 18:14:09,940 - RoutepatternApp - INFO - Route pattern \+33156696204 created successfully
2026-01-31 18:14:10,396 - RoutepatternApp - INFO - Updating line \+972732858778 
2026-01-31 18:14:10,927 - RoutepatternApp - INFO - Creating route pattern \+972732858778 
2026-01-31 18:14:11,457 - RoutepatternApp - INFO - Route pattern \+972732858778 created successfully
2026-01-31 18:14:11,922 - RoutepatternApp - INFO - Updating line \+33156697210 
2026-01-31 18:14:12,414 - RoutepatternApp - INFO - Creating route pattern \+33156697210 
2026-01-31 18:14:12,971 - RoutepatternApp - INFO - Route pattern \+33156697210 created successfully
2026-01-31 18:14:13,425 - RoutepatternApp - INFO - Updating line \+972733910479 
2026-01-31 18:14:13,980 - RoutepatternApp - INFO - Creating route pattern \+972733910479 
2026-01-31 18:14:14,550 - RoutepatternApp - INFO - Route pattern \+972733910479 created successfully
2026-01-31 18:14:14,960 - RoutepatternApp - WARNING - Line \+972732858707 not found
2026-01-31 18:14:14,960 - RoutepatternApp - WARNING - No line data found for pattern: \+972732858707
2026-01-31 18:14:15,376 - RoutepatternApp - WARNING - Line \+33156696217 not found
2026-01-31 18:14:15,376 - RoutepatternApp - WARNING - No line data found for pattern: \+33156696217
2026-01-31 18:14:15,857 - RoutepatternApp - INFO - Updating line \+972732858791 
2026-01-31 18:14:16,359 - RoutepatternApp - INFO - Creating route pattern \+972732858791 
2026-01-31 18:14:16,915 - RoutepatternApp - INFO - Route pattern \+972732858791 created successfully
2026-01-31 18:14:17,381 - RoutepatternApp - INFO - Updating line \+972733680323 
2026-01-31 18:14:17,872 - RoutepatternApp - INFO - Creating route pattern \+972733680323 
2026-01-31 18:14:18,443 - RoutepatternApp - INFO - Route pattern \+972733680323 created successfully
2026-01-31 18:14:18,894 - RoutepatternApp - INFO - Updating line \+972733680364 
2026-01-31 18:14:19,378 - RoutepatternApp - INFO - Creating route pattern \+972733680364 
2026-01-31 18:14:19,943 - RoutepatternApp - INFO - Route pattern \+972733680364 created successfully
2026-01-31 18:14:20,401 - RoutepatternApp - INFO - Updating line \+972733680325 
2026-01-31 18:14:20,950 - RoutepatternApp - INFO - Creating route pattern \+972733680325 
2026-01-31 18:14:21,508 - RoutepatternApp - INFO - Route pattern \+972733680325 created successfully
2026-01-31 18:14:21,911 - RoutepatternApp - WARNING - Line \+972733680329 not found
2026-01-31 18:14:21,911 - RoutepatternApp - WARNING - No line data found for pattern: \+972733680329
2026-01-31 18:14:22,345 - RoutepatternApp - WARNING - Line \+33156696941 not found
2026-01-31 18:14:22,345 - RoutepatternApp - WARNING - No line data found for pattern: \+33156696941
2026-01-31 18:14:22,773 - RoutepatternApp - WARNING - Line \+33156695260 not found
2026-01-31 18:14:22,773 - RoutepatternApp - WARNING - No line data found for pattern: \+33156695260
2026-01-31 18:14:23,215 - RoutepatternApp - WARNING - Line \+33156696945 not found
2026-01-31 18:14:23,215 - RoutepatternApp - WARNING - No line data found for pattern: \+33156696945
2026-01-31 18:14:23,703 - RoutepatternApp - INFO - Updating line \+33156696213 
2026-01-31 18:14:24,200 - RoutepatternApp - INFO - Creating route pattern \+33156696213 
2026-01-31 18:14:24,763 - RoutepatternApp - INFO - Route pattern \+33156696213 created successfully
2026-01-31 18:14:25,280 - RoutepatternApp - INFO - Updating line \+33156696205 
2026-01-31 18:14:25,814 - RoutepatternApp - INFO - Creating route pattern \+33156696205 
2026-01-31 18:14:26,357 - RoutepatternApp - INFO - Route pattern \+33156696205 created successfully
2026-01-31 18:27:12,744 - RoutepatternApp - INFO - Creating route pattern \+972732858707 
2026-01-31 18:27:15,756 - RoutepatternApp - INFO - Route pattern \+972732858707 created successfully
2026-01-31 18:27:37,064 - RoutepatternApp - INFO - Creating route pattern \+33156696217 
2026-01-31 18:27:37,595 - RoutepatternApp - INFO - Route pattern \+33156696217 created successfully
2026-01-31 18:28:01,821 - RoutepatternApp - INFO - Creating route pattern \+972733680329 
2026-01-31 18:28:02,363 - RoutepatternApp - INFO - Route pattern \+972733680329 created successfully
2026-01-31 18:28:22,008 - RoutepatternApp - INFO - Creating route pattern \+33156696941 
2026-01-31 18:28:22,523 - RoutepatternApp - INFO - Route pattern \+33156696941 created successfully
2026-01-31 18:28:43,667 - RoutepatternApp - INFO - Creating route pattern \+33156695260 
2026-01-31 18:28:44,225 - RoutepatternApp - INFO - Route pattern \+33156695260 created successfully
2026-01-31 18:29:02,635 - RoutepatternApp - INFO - Creating route pattern \+33156696945 
2026-01-31 18:29:03,141 - RoutepatternApp - INFO - Route pattern \+33156696945 created successfully
