2026-01-31 15:27:59,521 - webexgeneral - WARNING - User rsharon@akamai.com is disabled in Webex
2026-01-31 15:29:28,414 - webexgeneral - WARNING - User dfink@akamai.com is disabled in Webex
2026-01-31 15:30:41,855 - webexgeneral - WARNING - User achak@akamai.com is disabled in Webex
2026-01-31 15:36:00,931 - webexgeneral - WARNING - User dtsiruln@akamai.com is disabled in Webex
2026-01-31 15:36:03,468 - webexgeneral - WARNING - User mschwarc@akamai.com is disabled in Webex
2026-01-31 15:37:47,944 - webexgeneral - ERROR - HTTP error updating user: 400 Client Error: Bad Request for url: https://webexapis.com/v1/licenses/users
2026-01-31 15:38:39,123 - webexgeneral - WARNING - User ssalama@akamai.com is disabled in Webex
2026-01-31 15:39:35,009 - webexgeneral - ERROR - HTTP error updating user: 400 Client Error: Bad Request for url: https://webexapis.com/v1/licenses/users
2026-01-31 15:42:30,076 - webexgeneral - WARNING - User obador@akamai.com is disabled in Webex
2026-01-31 15:43:46,580 - webexgeneral - WARNING - User szehavi@akamai.com is disabled in Webex
2026-01-31 15:44:09,965 - webexgeneral - WARNING - User ydeissy@akamai.com is disabled in Webex
2026-01-31 15:46:54,878 - webexgeneral - WARNING - User oavioz@akamai.com is disabled in Webex
2026-01-31 15:51:14,002 - webexgeneral - WARNING - User raroch@akamai.com is disabled in Webex
2026-01-31 15:51:21,133 - webexgeneral - WARNING - User bkolan@akamai.com is disabled in Webex
2026-01-31 15:51:29,165 - webexgeneral - WARNING - User ailannav@akamai.com is disabled in Webex
2026-01-31 15:51:56,932 - webexgeneral - WARNING - User ymorgens@akamai.com is disabled in Webex
2026-01-31 15:52:04,475 - webexgeneral - WARNING - User gengel@akamai.com is disabled in Webex
2026-01-31 15:52:53,746 - webexgeneral - WARNING - User ynabedri@akamai.com is disabled in Webex
2026-01-31 15:52:55,990 - webexgeneral - WARNING - User lasraf@akamai.com is disabled in Webex
2026-01-31 15:54:34,877 - webexgeneral - WARNING - User eungar@akamai.com is disabled in Webex
2026-01-31 15:54:37,249 - webexgeneral - WARNING - User oyorgen@akamai.com is disabled in Webex
2026-01-31 15:55:07,271 - webexgeneral - WARNING - User kkingyaa@akamai.com is disabled in Webex
2026-01-31 15:57:59,353 - webexgeneral - WARNING - User ddubinsk@akamai.com is disabled in Webex
2026-01-31 16:00:36,970 - webexgeneral - WARNING - User aermolae@akamai.com is disabled in Webex
2026-01-31 16:05:20,739 - webexgeneral - ERROR - HTTP error updating user: 504 Server Error: Gateway Timeout for url: https://webexapis.com/v1/licenses/users
2026-01-31 16:13:42,158 - webexgeneral - ERROR - User ID not found for email: galza@akamai.com
2026-01-31 16:17:17,752 - webexgeneral - ERROR - HTTP error updating user: 504 Server Error: Gateway Timeout for url: https://webexapis.com/v1/licenses/users
2026-01-31 16:21:15,115 - webexgeneral - WARNING - User oavandan@akamai.com is disabled in Webex
2026-01-31 16:21:54,552 - webexgeneral - ERROR - User ID not found for email: yvolloch@akamai.com
2026-01-31 16:21:55,672 - webexgeneral - ERROR - User ID not found for email: rlotenbe@akamai.com
2026-01-31 16:44:13,497 - webexgeneral - WARNING - User ayudkovs@akamai.com is disabled in Webex
2026-01-31 16:46:11,124 - webexgeneral - ERROR - HTTP error updating user: 504 Server Error: Gateway Timeout for url: https://webexapis.com/v1/licenses/users
2026-01-31 16:56:59,267 - webexgeneral - ERROR - HTTP error updating user: 400 Client Error: Bad Request for url: https://webexapis.com/v1/licenses/users
2026-01-31 17:01:40,499 - webexgeneral - ERROR - HTTP error updating user: 400 Client Error: Bad Request for url: https://webexapis.com/v1/licenses/users
2026-01-31 17:06:54,699 - webexgeneral - ERROR - User ID not found for email: galza@akamai.com
